{"RqstRatePerSec":9463.565666499215,"RunDuration":1268021,"RunDurationStr":"1.268021ms","RqstStats":{"TotalRqsts":12,"TotalRequestDuration":8000000000,"TotalRequestDurationStr":"8s","MaxRqstDuration":1750000000,"MaxRqstDurationStr":"1.75s","MinRqstDuration":100000000,"MinRqstDurationStr":"100ms","AvgRqstDuration":666666666,"AvgRqstDurationStr":"666.666666ms"},"EndpointSummary":{"http://someurl/1":{"GET":1,"PUT":2},"http://someurl/2":{"POST":1},"http://someurl/3":{"DELETE":1,"GET":2,"POST":1,"PUT":4}},"EndpointDetails":{"http://someurl/1":{"URL":"http://someurl/1","HTTPMethodStatusDist":{"GET":{"404":1},"PUT":{"202":2}},"RqstStats":{"TotalRqsts":3,"TotalRequestDuration":1600000000,"TotalRequestDurationStr":"1.6s","MaxRqstDuration":1000000000,"MaxRqstDurationStr":"1s","MinRqstDuration":100000000,"MinRqstDurationStr":"100ms","AvgRqstDuration":533333333,"AvgRqstDurationStr":"533.333333ms"}},"http://someurl/2":{"URL":"http://someurl/2","HTTPMethodStatusDist":{"POST":{"201":1}},"RqstStats":{"TotalRqsts":1,"TotalRequestDuration":250000000,"TotalRequestDurationStr":"250ms","MaxRqstDuration":250000000,"MaxRqstDurationStr":"250ms","MinRqstDuration":250000000,"MinRqstDurationStr":"250ms","AvgRqstDuration":250000000,"AvgRqstDurationStr":"250ms"}},"http://someurl/3":{"URL":"http://someurl/3","HTTPMethodStatusDist":{"DELETE":{"200":1},"GET":{"200":2},"POST":{"201":1},"PUT":{"200":4}},"RqstStats":{"TotalRqsts":8,"TotalRequestDuration":6150000000,"TotalRequestDurationStr":"6.15s","MaxRqstDuration":1750000000,"MaxRqstDurationStr":"1.75s","MinRqstDuration":250000000,"MinRqstDurationStr":"250ms","AvgRqstDuration":768750000,"AvgRqstDurationStr":"768.75ms"}}}}